Archive member included to satisfy reference by file (symbol)

g:/iti data/tools/imt_sdk_win_64/imt_sdk_win_64/winarm/armgcc/bin/../lib/gcc/arm-none-eabi/7.2.1/../../../../arm-none-eabi/lib/thumb/v7-m\libg_nano.a(lib_a-errno.o)
                              ./system/src/newlib/sbrk.o (__errno)
g:/iti data/tools/imt_sdk_win_64/imt_sdk_win_64/winarm/armgcc/bin/../lib/gcc/arm-none-eabi/7.2.1/../../../../arm-none-eabi/lib/thumb/v7-m\libg_nano.a(lib_a-impure.o)
                              g:/iti data/tools/imt_sdk_win_64/imt_sdk_win_64/winarm/armgcc/bin/../lib/gcc/arm-none-eabi/7.2.1/../../../../arm-none-eabi/lib/thumb/v7-m\libg_nano.a(lib_a-errno.o) (_impure_ptr)
g:/iti data/tools/imt_sdk_win_64/imt_sdk_win_64/winarm/armgcc/bin/../lib/gcc/arm-none-eabi/7.2.1/../../../../arm-none-eabi/lib/thumb/v7-m\libg_nano.a(lib_a-strlen.o)
                              ./system/src/diag/trace.o (strlen)
g:/iti data/tools/imt_sdk_win_64/imt_sdk_win_64/winarm/armgcc/bin/../lib/gcc/arm-none-eabi/7.2.1/../../../../arm-none-eabi/lib/thumb/v7-m\libg_nano.a(lib_a-vsnprintf.o)
                              ./system/src/diag/trace.o (vsnprintf)
g:/iti data/tools/imt_sdk_win_64/imt_sdk_win_64/winarm/armgcc/bin/../lib/gcc/arm-none-eabi/7.2.1/../../../../arm-none-eabi/lib/thumb/v7-m\libg_nano.a(lib_a-nano-svfprintf.o)
                              g:/iti data/tools/imt_sdk_win_64/imt_sdk_win_64/winarm/armgcc/bin/../lib/gcc/arm-none-eabi/7.2.1/../../../../arm-none-eabi/lib/thumb/v7-m\libg_nano.a(lib_a-vsnprintf.o) (_svfprintf_r)
g:/iti data/tools/imt_sdk_win_64/imt_sdk_win_64/winarm/armgcc/bin/../lib/gcc/arm-none-eabi/7.2.1/../../../../arm-none-eabi/lib/thumb/v7-m\libg_nano.a(lib_a-nano-vfprintf_i.o)
                              g:/iti data/tools/imt_sdk_win_64/imt_sdk_win_64/winarm/armgcc/bin/../lib/gcc/arm-none-eabi/7.2.1/../../../../arm-none-eabi/lib/thumb/v7-m\libg_nano.a(lib_a-nano-svfprintf.o) (_printf_i)
g:/iti data/tools/imt_sdk_win_64/imt_sdk_win_64/winarm/armgcc/bin/../lib/gcc/arm-none-eabi/7.2.1/../../../../arm-none-eabi/lib/thumb/v7-m\libg_nano.a(lib_a-memchr-stub.o)
                              g:/iti data/tools/imt_sdk_win_64/imt_sdk_win_64/winarm/armgcc/bin/../lib/gcc/arm-none-eabi/7.2.1/../../../../arm-none-eabi/lib/thumb/v7-m\libg_nano.a(lib_a-nano-svfprintf.o) (memchr)
g:/iti data/tools/imt_sdk_win_64/imt_sdk_win_64/winarm/armgcc/bin/../lib/gcc/arm-none-eabi/7.2.1/../../../../arm-none-eabi/lib/thumb/v7-m\libg_nano.a(lib_a-memcpy-stub.o)
                              g:/iti data/tools/imt_sdk_win_64/imt_sdk_win_64/winarm/armgcc/bin/../lib/gcc/arm-none-eabi/7.2.1/../../../../arm-none-eabi/lib/thumb/v7-m\libg_nano.a(lib_a-nano-svfprintf.o) (memcpy)
g:/iti data/tools/imt_sdk_win_64/imt_sdk_win_64/winarm/armgcc/bin/../lib/gcc/arm-none-eabi/7.2.1/../../../../arm-none-eabi/lib/thumb/v7-m\libg_nano.a(lib_a-memmove.o)
                              g:/iti data/tools/imt_sdk_win_64/imt_sdk_win_64/winarm/armgcc/bin/../lib/gcc/arm-none-eabi/7.2.1/../../../../arm-none-eabi/lib/thumb/v7-m\libg_nano.a(lib_a-nano-svfprintf.o) (memmove)
g:/iti data/tools/imt_sdk_win_64/imt_sdk_win_64/winarm/armgcc/bin/../lib/gcc/arm-none-eabi/7.2.1/../../../../arm-none-eabi/lib/thumb/v7-m\libg_nano.a(lib_a-nano-freer.o)
                              g:/iti data/tools/imt_sdk_win_64/imt_sdk_win_64/winarm/armgcc/bin/../lib/gcc/arm-none-eabi/7.2.1/../../../../arm-none-eabi/lib/thumb/v7-m\libg_nano.a(lib_a-nano-svfprintf.o) (_free_r)
g:/iti data/tools/imt_sdk_win_64/imt_sdk_win_64/winarm/armgcc/bin/../lib/gcc/arm-none-eabi/7.2.1/../../../../arm-none-eabi/lib/thumb/v7-m\libg_nano.a(lib_a-nano-mallocr.o)
                              g:/iti data/tools/imt_sdk_win_64/imt_sdk_win_64/winarm/armgcc/bin/../lib/gcc/arm-none-eabi/7.2.1/../../../../arm-none-eabi/lib/thumb/v7-m\libg_nano.a(lib_a-nano-svfprintf.o) (_malloc_r)
g:/iti data/tools/imt_sdk_win_64/imt_sdk_win_64/winarm/armgcc/bin/../lib/gcc/arm-none-eabi/7.2.1/../../../../arm-none-eabi/lib/thumb/v7-m\libg_nano.a(lib_a-nano-reallocr.o)
                              g:/iti data/tools/imt_sdk_win_64/imt_sdk_win_64/winarm/armgcc/bin/../lib/gcc/arm-none-eabi/7.2.1/../../../../arm-none-eabi/lib/thumb/v7-m\libg_nano.a(lib_a-nano-svfprintf.o) (_realloc_r)
g:/iti data/tools/imt_sdk_win_64/imt_sdk_win_64/winarm/armgcc/bin/../lib/gcc/arm-none-eabi/7.2.1/../../../../arm-none-eabi/lib/thumb/v7-m\libg_nano.a(lib_a-sbrkr.o)
                              g:/iti data/tools/imt_sdk_win_64/imt_sdk_win_64/winarm/armgcc/bin/../lib/gcc/arm-none-eabi/7.2.1/../../../../arm-none-eabi/lib/thumb/v7-m\libg_nano.a(lib_a-nano-mallocr.o) (_sbrk_r)
g:/iti data/tools/imt_sdk_win_64/imt_sdk_win_64/winarm/armgcc/bin/../lib/gcc/arm-none-eabi/7.2.1/../../../../arm-none-eabi/lib/thumb/v7-m\libg_nano.a(lib_a-mlock.o)
                              g:/iti data/tools/imt_sdk_win_64/imt_sdk_win_64/winarm/armgcc/bin/../lib/gcc/arm-none-eabi/7.2.1/../../../../arm-none-eabi/lib/thumb/v7-m\libg_nano.a(lib_a-nano-freer.o) (__malloc_lock)
[...]
Memory Configuration

Name             Origin             Length             Attributes
RAM              0x20000000         0x00005000         xrw
CCMRAM           0x00000000         0x00000000         xrw
FLASH            0x08000000         0x00010000         xr
FLASHB1          0x00000000         0x00000000         xr
EXTMEMB0         0x00000000         0x00000000         xr
EXTMEMB1         0x00000000         0x00000000         xr
EXTMEMB2         0x00000000         0x00000000         xr
EXTMEMB3         0x00000000         0x00000000         xr
MEMORY_ARRAY     0x00000000         0x00000000         xrw
*default*        0x00000000         0xffffffff

Linker script and memory map

LOAD ./system/src/stm32f1-hal/stm32f1xx_hal.o
LOAD ./system/src/stm32f1-hal/stm32f1xx_hal_cortex.o
LOAD ./system/src/stm32f1-hal/stm32f1xx_hal_flash.o
LOAD ./system/src/stm32f1-hal/stm32f1xx_hal_flash_ex.o
LOAD ./system/src/stm32f1-hal/stm32f1xx_hal_gpio.o
LOAD ./system/src/stm32f1-hal/stm32f1xx_hal_gpio_ex.o
LOAD ./system/src/stm32f1-hal/stm32f1xx_hal_iwdg.o
LOAD ./system/src/stm32f1-hal/stm32f1xx_hal_pwr.o
LOAD ./system/src/stm32f1-hal/stm32f1xx_hal_rcc.o
LOAD ./system/src/newlib/assert.o
LOAD ./system/src/newlib/cxx.o
LOAD ./system/src/newlib/exit.o
LOAD ./system/src/newlib/sbrk.o
LOAD ./system/src/newlib/startup.o
LOAD ./system/src/newlib/syscalls.o
LOAD ./system/src/diag/trace-impl.o
LOAD ./system/src/diag/trace.o
LOAD ./system/src/cortexm/exception-handlers.o
LOAD ./system/src/cortexm/initialize-hardware.o
LOAD ./system/src/cortexm/reset-hardware.o
LOAD ./system/src/cmsis/system_stm32f1xx.o
LOAD ./system/src/cmsis/vectors_stm32f103xb.o
LOAD ./src/initialize-hardware.o
LOAD ./src/led.o
LOAD ./src/main.o
LOAD ./src/stm32f1xx_hal_msp.o
LOAD ./src/timer.o
LOAD ./src/write.o
LOAD g:/iti data/tools/imt_sdk_win_64/imt_sdk_win_64/winarm/armgcc/bin/../lib/gcc/arm-none-eabi/7.2.1/../../../../arm-none-eabi/lib/thumb/v7-m\libstdc++_nano.a
LOAD g:/iti data/tools/imt_sdk_win_64/imt_sdk_win_64/winarm/armgcc/bin/../lib/gcc/arm-none-eabi/7.2.1/../../../../arm-none-eabi/lib/thumb/v7-m\libm.a
START GROUP
LOAD g:/iti data/tools/imt_sdk_win_64/imt_sdk_win_64/winarm/armgcc/bin/../lib/gcc/arm-none-eabi/7.2.1/thumb/v7-m\libgcc.a
LOAD g:/iti data/tools/imt_sdk_win_64/imt_sdk_win_64/winarm/armgcc/bin/../lib/gcc/arm-none-eabi/7.2.1/../../../../arm-none-eabi/lib/thumb/v7-m\libg_nano.a
LOAD g:/iti data/tools/imt_sdk_win_64/imt_sdk_win_64/winarm/armgcc/bin/../lib/gcc/arm-none-eabi/7.2.1/../../../../arm-none-eabi/lib/thumb/v7-m\libc_nano.a
END GROUP
START GROUP
LOAD g:/iti data/tools/imt_sdk_win_64/imt_sdk_win_64/winarm/armgcc/bin/../lib/gcc/arm-none-eabi/7.2.1/thumb/v7-m\libgcc.a
LOAD g:/iti data/tools/imt_sdk_win_64/imt_sdk_win_64/winarm/armgcc/bin/../lib/gcc/arm-none-eabi/7.2.1/../../../../arm-none-eabi/lib/thumb/v7-m\libc_nano.a
END GROUP
                0x20005000                __stack = (ORIGIN (RAM) + LENGTH (RAM))
                0x20005000                _estack = __stack
                0x00000400                __Main_Stack_Size = 0x400
                [!provide]                PROVIDE (_Main_Stack_Size, __Main_Stack_Size)
                0x20004c00                __Main_Stack_Limit = (__stack - __Main_Stack_Size)
                [!provide]                PROVIDE (_Main_Stack_Limit, __Main_Stack_Limit)
                0x00000100                _Minimum_Stack_Size = 0x100
                0x20000124                PROVIDE (_Heap_Begin, _end_noinit)
                0x20004c00                PROVIDE (_Heap_Limit, (__stack - __Main_Stack_Size))

.isr_vector     0x08000000      0x330
 FILL mask 0xff
                0x08000000                __vectors_start = ABSOLUTE (.)
                0x08000000                __vectors_start__ = ABSOLUTE (.)
 *(.isr_vector)
 .isr_vector    0x08000000       0xec ./system/src/cmsis/vectors_stm32f103xb.o
                0x08000000                __isr_vectors
 *(.cfmconfig)
 *(.after_vectors .after_vectors.*)
 .after_vectors
                0x080000ec      0x114 ./system/src/newlib/startup.o
                0x080000ec                _start
 .after_vectors
                0x08000200      0x12c ./system/src/cortexm/exception-handlers.o
                0x08000200                Reset_Handler
                0x08000206                NMI_Handler
                0x0800020a                HardFault_Handler
                0x0800021e                HardFault_Handler_C
                0x0800027c                MemManage_Handler
                0x08000280                BusFault_Handler
                0x08000294                BusFault_Handler_C
                0x080002c8                UsageFault_Handler
                0x080002dc                UsageFault_Handler_C
                0x08000310                SVC_Handler
                0x08000314                DebugMon_Handler
                0x08000318                PendSV_Handler
 .after_vectors
                0x0800032c        0x4 ./system/src/cmsis/vectors_stm32f103xb.o
                0x0800032c                RTC_Alarm_IRQHandler
                0x0800032c                EXTI2_IRQHandler
                0x0800032c                TIM1_CC_IRQHandler
                0x0800032c                PVD_IRQHandler
                0x0800032c                EXTI3_IRQHandler
                0x0800032c                EXTI0_IRQHandler
                0x0800032c                I2C2_EV_IRQHandler
                0x0800032c                ADC1_2_IRQHandler
                0x0800032c                SPI1_IRQHandler
                0x0800032c                TAMPER_IRQHandler
                0x0800032c                DMA1_Channel4_IRQHandler
                0x0800032c                USART3_IRQHandler
                0x0800032c                RTC_IRQHandler
                0x0800032c                DMA1_Channel7_IRQHandler
                0x0800032c                CAN1_RX1_IRQHandler
                0x0800032c                TIM4_IRQHandler
                0x0800032c                I2C1_EV_IRQHandler
                0x0800032c                DMA1_Channel6_IRQHandler
                0x0800032c                TIM3_IRQHandler
                0x0800032c                RCC_IRQHandler
                0x0800032c                TIM1_TRG_COM_IRQHandler
                0x0800032c                DMA1_Channel1_IRQHandler
                0x0800032c                Default_Handler
                0x0800032c                EXTI15_10_IRQHandler
                0x0800032c                EXTI9_5_IRQHandler
                0x0800032c                SPI2_IRQHandler
                0x0800032c                DMA1_Channel5_IRQHandler
                0x0800032c                EXTI4_IRQHandler
                0x0800032c                USB_LP_CAN1_RX0_IRQHandler
                0x0800032c                USB_HP_CAN1_TX_IRQHandler
                0x0800032c                DMA1_Channel3_IRQHandler
                0x0800032c                TIM1_UP_IRQHandler
                0x0800032c                WWDG_IRQHandler
                0x0800032c                TIM2_IRQHandler
                0x0800032c                TIM1_BRK_IRQHandler
                0x0800032c                EXTI1_IRQHandler
                0x0800032c                USART2_IRQHandler
                0x0800032c                I2C2_ER_IRQHandler
                0x0800032c                DMA1_Channel2_IRQHandler
                0x0800032c                CAN1_SCE_IRQHandler
                0x0800032c                FLASH_IRQHandler
                0x0800032c                USART1_IRQHandler
                0x0800032c                I2C1_ER_IRQHandler
                0x0800032c                USBWakeUp_IRQHandler

.inits          0x08000330       0x28
                0x08000330                __data_regions_array_start = .
                0x08000330        0x4 LONG 0x800177c LOADADDR (.data)
                0x08000334        0x4 LONG 0x20000000 ADDR (.data)
                0x08000338        0x4 LONG 0x20000080 (ADDR (.data) + SIZEOF (.data))
                0x0800033c        0x4 LONG 0x800177c LOADADDR (.data_CCMRAM)
                0x08000340        0x4 LONG 0x0 ADDR (.data_CCMRAM)
                0x08000344        0x4 LONG 0x0 (ADDR (.data_CCMRAM) + SIZEOF (.data_CCMRAM))
                0x08000348                __data_regions_array_end = .
                0x08000348                __bss_regions_array_start = .
                0x08000348        0x4 LONG 0x20000080 ADDR (.bss)
                0x0800034c        0x4 LONG 0x20000124 (ADDR (.bss) + SIZEOF (.bss))
                0x08000350        0x4 LONG 0x0 ADDR (.bss_CCMRAM)
                0x08000354        0x4 LONG 0x0 (ADDR (.bss_CCMRAM) + SIZEOF (.bss_CCMRAM))
                0x08000358                __bss_regions_array_end = .
 *(.init)
 *(.fini)
                0x08000358                . = ALIGN (0x4)
                0x08000358                PROVIDE (__preinit_array_start, .)
 *(.preinit_array_sysinit .preinit_array_sysinit.*)
 *(.preinit_array_platform .preinit_array_platform.*)
 *(.preinit_array .preinit_array.*)
                0x08000358                PROVIDE (__preinit_array_end, .)
                0x08000358                . = ALIGN (0x4)
                0x08000358                PROVIDE (__init_array_start, .)
 *(SORT_BY_NAME(.init_array.*))
 *(.init_array)
                0x08000358                PROVIDE (__init_array_end, .)
                0x08000358                . = ALIGN (0x4)
                0x08000358                PROVIDE (__fini_array_start, .)
 *(SORT_BY_NAME(.fini_array.*))
 *(.fini_array)
                0x08000358                PROVIDE (__fini_array_end, .)

.flashtext
 *(.flashtext .flashtext.*)

.text           0x08000358     0x1423
 *(.text .text.*)
 .text.HAL_InitTick
                0x08000358       0x4c ./system/src/stm32f1-hal/stm32f1xx_hal.o
                0x08000358                HAL_InitTick
 .text.HAL_Init
                0x080003a4       0x24 ./system/src/stm32f1-hal/stm32f1xx_hal.o
                0x080003a4                HAL_Init
 .text.HAL_IncTick
                0x080003c8       0x18 ./system/src/stm32f1-hal/stm32f1xx_hal.o
                0x080003c8                HAL_IncTick
 .text.HAL_NVIC_SetPriorityGrouping
                0x080003e0       0x3c ./system/src/stm32f1-hal/stm32f1xx_hal_cortex.o
                0x080003e0                HAL_NVIC_SetPriorityGrouping
 .text.HAL_NVIC_SetPriority
                0x0800041c       0x8c ./system/src/stm32f1-hal/stm32f1xx_hal_cortex.o
                0x0800041c                HAL_NVIC_SetPriority
 .text.HAL_SYSTICK_Config
                0x080004a8       0x2c ./system/src/stm32f1-hal/stm32f1xx_hal_cortex.o
                0x080004a8                HAL_SYSTICK_Config
 .text.HAL_SYSTICK_CLKSourceConfig
                0x080004d4       0x3c ./system/src/stm32f1-hal/stm32f1xx_hal_cortex.o
                0x080004d4                HAL_SYSTICK_CLKSourceConfig
 .text.HAL_GPIO_Init
                0x08000510      0x31c ./system/src/stm32f1-hal/stm32f1xx_hal_gpio.o
                0x08000510                HAL_GPIO_Init
 .text.HAL_GPIO_WritePin
                0x0800082c       0x38 ./system/src/stm32f1-hal/stm32f1xx_hal_gpio.o
                0x0800082c                HAL_GPIO_WritePin
 .text.HAL_RCC_GetHCLKFreq
                0x08000864        0xc ./system/src/stm32f1-hal/stm32f1xx_hal_rcc.o
                0x08000864                HAL_RCC_GetHCLKFreq
 .text._exit    0x08000870        0x2 ./system/src/newlib/exit.o
                0x08000870                _exit
 *fill*         0x08000872        0x2 
 .text._sbrk    0x08000874       0x44 ./system/src/newlib/sbrk.o
                0x08000874                _sbrk
 .text.__initialize_args
                0x080008b8       0x10 ./system/src/newlib/syscalls.o
                0x080008b8                __initialize_args
 .text._trace_write_semihosting_debug
                0x080008c8       0x60 ./system/src/diag/trace-impl.o
 .text.trace_write
                0x08000928        0x8 ./system/src/diag/trace-impl.o
                0x08000928                trace_write
 .text.trace_printf
                0x08000930       0x30 ./system/src/diag/trace.o
                0x08000930                trace_printf
 .text.trace_puts
                0x08000960       0x20 ./system/src/diag/trace.o
                0x08000960                trace_puts
 .text.dumpExceptionStack
                0x08000980       0xf4 ./system/src/cortexm/exception-handlers.o
                0x08000980                dumpExceptionStack
 .text.isSemihosting
                0x08000a74       0x20 ./system/src/cortexm/exception-handlers.o
                0x08000a74                isSemihosting
 .text.__initialize_hardware_early
                0x08000a94       0x18 ./system/src/cortexm/initialize-hardware.o
                0x08000a94                __initialize_hardware_early
 .text.SystemInit
                0x08000aac        0x2 ./system/src/cmsis/system_stm32f1xx.o
                0x08000aac                SystemInit
 *fill*         0x08000aae        0x2 
 .text.SystemCoreClockUpdate
                0x08000ab0       0x94 ./system/src/cmsis/system_stm32f1xx.o
                0x08000ab0                SystemCoreClockUpdate
 .text.SystemClock_Config
                0x08000b44       0x20 ./src/initialize-hardware.o
                0x08000b44                SystemClock_Config
 .text.__initialize_hardware
                0x08000b64       0x10 ./src/initialize-hardware.o
                0x08000b64                __initialize_hardware
 .text.assert_failed
                0x08000b74       0x14 ./src/initialize-hardware.o
                0x08000b74                assert_failed
 .text.blink_led_on
                0x08000b88       0x14 ./src/led.o
                0x08000b88                blink_led_on
 .text.blink_led_off
                0x08000b9c       0x14 ./src/led.o
                0x08000b9c                blink_led_off
 .text.blink_led_init
                0x08000bb0       0x38 ./src/led.o
                0x08000bb0                blink_led_init
 .text.main     0x08000be8       0x58 ./src/main.o
                0x08000be8                main
 .text.HAL_MspInit
                0x08000c40        0x2 ./src/stm32f1xx_hal_msp.o
                0x08000c40                HAL_MspInit
 *fill*         0x08000c42        0x2 
 .text.timer_start
                0x08000c44       0x3c ./src/timer.o
                0x08000c44                timer_start
 .text.timer_sleep
                0x08000c80       0x14 ./src/timer.o
                0x08000c80                timer_sleep
 .text.timer_tick
                0x08000c94       0x14 ./src/timer.o
                0x08000c94                timer_tick
 .text.SysTick_Handler
                0x08000ca8        0xc ./src/timer.o
                0x08000ca8                SysTick_Handler
 .text.__errno  0x08000cb4        0xc g:/iti data/tools/imt_sdk_win_64/imt_sdk_win_64/winarm/armgcc/bin/../lib/gcc/arm-none-eabi/7.2.1/../../../../arm-none-eabi/lib/thumb/v7-m\libg_nano.a(lib_a-errno.o)
                0x08000cb4                __errno
 .text          0x08000cc0       0x10 g:/iti data/tools/imt_sdk_win_64/imt_sdk_win_64/winarm/armgcc/bin/../lib/gcc/arm-none-eabi/7.2.1/../../../../arm-none-eabi/lib/thumb/v7-m\libg_nano.a(lib_a-strlen.o)
                0x08000cc0                strlen
 .text._vsnprintf_r
                0x08000cd0       0x58 g:/iti data/tools/imt_sdk_win_64/imt_sdk_win_64/winarm/armgcc/bin/../lib/gcc/arm-none-eabi/7.2.1/../../../../arm-none-eabi/lib/thumb/v7-m\libg_nano.a(lib_a-vsnprintf.o)
                0x08000cd0                _vsniprintf_r
                0x08000cd0                _vsnprintf_r
 .text.vsnprintf
                0x08000d28       0x1c g:/iti data/tools/imt_sdk_win_64/imt_sdk_win_64/winarm/armgcc/bin/../lib/gcc/arm-none-eabi/7.2.1/../../../../arm-none-eabi/lib/thumb/v7-m\libg_nano.a(lib_a-vsnprintf.o)
                0x08000d28                vsniprintf
                0x08000d28                vsnprintf
 .text.__ssputs_r
                0x08000d44       0xb4 g:/iti data/tools/imt_sdk_win_64/imt_sdk_win_64/winarm/armgcc/bin/../lib/gcc/arm-none-eabi/7.2.1/../../../../arm-none-eabi/lib/thumb/v7-m\libg_nano.a(lib_a-nano-svfprintf.o)
                0x08000d44                __ssputs_r
 .text._svfprintf_r
                0x08000df8      0x1ec g:/iti data/tools/imt_sdk_win_64/imt_sdk_win_64/winarm/armgcc/bin/../lib/gcc/arm-none-eabi/7.2.1/../../../../arm-none-eabi/lib/thumb/v7-m\libg_nano.a(lib_a-nano-svfprintf.o)
                0x08000df8                _svfiprintf_r
                0x08000df8                _svfprintf_r
 .text._printf_common
                0x08000fe4       0xec g:/iti data/tools/imt_sdk_win_64/imt_sdk_win_64/winarm/armgcc/bin/../lib/gcc/arm-none-eabi/7.2.1/../../../../arm-none-eabi/lib/thumb/v7-m\libg_nano.a(lib_a-nano-vfprintf_i.o)
                0x08000fe4                _printf_common
 .text._printf_i
                0x080010d0      0x224 g:/iti data/tools/imt_sdk_win_64/imt_sdk_win_64/winarm/armgcc/bin/../lib/gcc/arm-none-eabi/7.2.1/../../../../arm-none-eabi/lib/thumb/v7-m\libg_nano.a(lib_a-nano-vfprintf_i.o)
                0x080010d0                _printf_i
 .text.memchr   0x080012f4       0x1c g:/iti data/tools/imt_sdk_win_64/imt_sdk_win_64/winarm/armgcc/bin/../lib/gcc/arm-none-eabi/7.2.1/../../../../arm-none-eabi/lib/thumb/v7-m\libg_nano.a(lib_a-memchr-stub.o)
                0x080012f4                memchr
 .text.memcpy   0x08001310       0x16 g:/iti data/tools/imt_sdk_win_64/imt_sdk_win_64/winarm/armgcc/bin/../lib/gcc/arm-none-eabi/7.2.1/../../../../arm-none-eabi/lib/thumb/v7-m\libg_nano.a(lib_a-memcpy-stub.o)
                0x08001310                memcpy
 .text.memmove  0x08001326       0x32 g:/iti data/tools/imt_sdk_win_64/imt_sdk_win_64/winarm/armgcc/bin/../lib/gcc/arm-none-eabi/7.2.1/../../../../arm-none-eabi/lib/thumb/v7-m\libg_nano.a(lib_a-memmove.o)
                0x08001326                memmove
 .text._free_r  0x08001358       0x98 g:/iti data/tools/imt_sdk_win_64/imt_sdk_win_64/winarm/armgcc/bin/../lib/gcc/arm-none-eabi/7.2.1/../../../../arm-none-eabi/lib/thumb/v7-m\libg_nano.a(lib_a-nano-freer.o)
                0x08001358                _free_r
 .text._malloc_r
                0x080013f0       0xb4 g:/iti data/tools/imt_sdk_win_64/imt_sdk_win_64/winarm/armgcc/bin/../lib/gcc/arm-none-eabi/7.2.1/../../../../arm-none-eabi/lib/thumb/v7-m\libg_nano.a(lib_a-nano-mallocr.o)
                0x080013f0                _malloc_r
 .text._realloc_r
                0x080014a4       0x4c g:/iti data/tools/imt_sdk_win_64/imt_sdk_win_64/winarm/armgcc/bin/../lib/gcc/arm-none-eabi/7.2.1/../../../../arm-none-eabi/lib/thumb/v7-m\libg_nano.a(lib_a-nano-reallocr.o)
                0x080014a4                _realloc_r
 .text._sbrk_r  0x080014f0       0x20 g:/iti data/tools/imt_sdk_win_64/imt_sdk_win_64/winarm/armgcc/bin/../lib/gcc/arm-none-eabi/7.2.1/../../../../arm-none-eabi/lib/thumb/v7-m\libg_nano.a(lib_a-sbrkr.o)
                0x080014f0                _sbrk_r
 .text.__malloc_lock
                0x08001510        0x2 g:/iti data/tools/imt_sdk_win_64/imt_sdk_win_64/winarm/armgcc/bin/../lib/gcc/arm-none-eabi/7.2.1/../../../../arm-none-eabi/lib/thumb/v7-m\libg_nano.a(lib_a-mlock.o)
                0x08001510                __malloc_lock
 .text.__malloc_unlock
                0x08001512        0x2 g:/iti data/tools/imt_sdk_win_64/imt_sdk_win_64/winarm/armgcc/bin/../lib/gcc/arm-none-eabi/7.2.1/../../../../arm-none-eabi/lib/thumb/v7-m\libg_nano.a(lib_a-mlock.o)
                0x08001512                __malloc_unlock
 .text._malloc_usable_size_r
                0x08001514       0x10 g:/iti data/tools/imt_sdk_win_64/imt_sdk_win_64/winarm/armgcc/bin/../lib/gcc/arm-none-eabi/7.2.1/../../../../arm-none-eabi/lib/thumb/v7-m\libg_nano.a(lib_a-nano-msizer.o)
                0x08001514                _malloc_usable_size_r
 *(.rodata .rodata.* .constdata .constdata.*)
 .rodata.HAL_NVIC_SetPriorityGrouping.str1.4
                0x08001524       0x31 ./system/src/stm32f1-hal/stm32f1xx_hal_cortex.o
 *fill*         0x08001555        0x3 
 .rodata.HAL_GPIO_Init.str1.4
                0x08001558       0x2f ./system/src/stm32f1-hal/stm32f1xx_hal_gpio.o
 .rodata.trace_puts.str1.4
                0x08001587       0x2f ./system/src/diag/trace.o
                                  0x2 (size before relaxing)
 *fill*         0x08001587        0x1 
 .rodata.dumpExceptionStack.str1.4
                0x08001588      0x11a ./system/src/cortexm/exception-handlers.o
 *fill*         0x080016a2        0x2 
 .rodata.str1.4
                0x080016a4       0x2a ./system/src/cortexm/exception-handlers.o
 *fill*         0x080016ce        0x2 
 .rodata.AHBPrescTable
                0x080016d0       0x10 ./system/src/cmsis/system_stm32f1xx.o
                0x080016d0                AHBPrescTable
 .rodata.assert_failed.str1.4
                0x080016e0       0x2d ./src/initialize-hardware.o
 *fill*         0x0800170d        0x3 
 .rodata.main.str1.4
                0x08001710       0x38 ./src/main.o
                                 0x37 (size before relaxing)
 .rodata._svfprintf_r.str1.1
                0x08001748       0x11 g:/iti data/tools/imt_sdk_win_64/imt_sdk_win_64/winarm/armgcc/bin/../lib/gcc/arm-none-eabi/7.2.1/../../../../arm-none-eabi/lib/thumb/v7-m\libg_nano.a(lib_a-nano-svfprintf.o)
 .rodata._printf_i.str1.1
                0x08001759       0x22 g:/iti data/tools/imt_sdk_win_64/imt_sdk_win_64/winarm/armgcc/bin/../lib/gcc/arm-none-eabi/7.2.1/../../../../arm-none-eabi/lib/thumb/v7-m\libg_nano.a(lib_a-nano-vfprintf_i.o)
 *(vtable)
 *(.eh_frame*)
 *(.glue_7)
 .glue_7        0x0800177b        0x0 linker stubs
 *(.glue_7t)
 .glue_7t       0x0800177b        0x0 linker stubs

.vfp11_veneer   0x0800177c        0x0
 .vfp11_veneer  0x0800177c        0x0 linker stubs

.v4_bx          0x0800177c        0x0
 .v4_bx         0x0800177c        0x0 linker stubs

.iplt           0x0800177c        0x0
 .iplt          0x0800177c        0x0 ./system/src/stm32f1-hal/stm32f1xx_hal.o

.rel.dyn        0x0800177c        0x0
 .rel.iplt      0x0800177c        0x0 ./system/src/stm32f1-hal/stm32f1xx_hal.o

.ARM.extab
 *(.ARM.extab* .gnu.linkonce.armextab.*)
                0x0800177c                . = ALIGN (0x4)
                0x0800177c                __exidx_start = .

.ARM.exidx
 *(.ARM.exidx* .gnu.linkonce.armexidx.*)
                0x0800177c                __exidx_end = .
                0x0800177c                . = ALIGN (0x4)
                0x0800177c                _etext = .
                0x0800177c                __etext = .

.data_CCMRAM    0x00000000        0x0 load address 0x0800177c
 FILL mask 0xff
 *(.data.CCMRAM .data.CCMRAM.*)
                0x00000000                . = ALIGN (0x4)
                0x0800177c                _sidata = LOADADDR (.data)

.data           0x20000000       0x80 load address 0x0800177c
 FILL mask 0xff
                0x20000000                _sdata = .
                0x20000000                __data_start__ = .
 *(.data_begin .data_begin.*)
 .data_begin    0x20000000        0x4 ./system/src/newlib/startup.o
 *(.data .data.*)
 .data.uwTickFreq
                0x20000004        0x1 ./system/src/stm32f1-hal/stm32f1xx_hal.o
                0x20000004                uwTickFreq
 *fill*         0x20000005        0x3 ff
 .data.uwTickPrio
                0x20000008        0x4 ./system/src/stm32f1-hal/stm32f1xx_hal.o
                0x20000008                uwTickPrio
 .data.argv.4310
                0x2000000c        0x8 ./system/src/newlib/syscalls.o
 .data.SystemCoreClock
                0x20000014        0x4 ./system/src/cmsis/system_stm32f1xx.o
                0x20000014                SystemCoreClock
 .data._impure_ptr
                0x20000018        0x4 g:/iti data/tools/imt_sdk_win_64/imt_sdk_win_64/winarm/armgcc/bin/../lib/gcc/arm-none-eabi/7.2.1/../../../../arm-none-eabi/lib/thumb/v7-m\libg_nano.a(lib_a-impure.o)
                0x20000018                _impure_ptr
 .data.impure_data
                0x2000001c       0x60 g:/iti data/tools/imt_sdk_win_64/imt_sdk_win_64/winarm/armgcc/bin/../lib/gcc/arm-none-eabi/7.2.1/../../../../arm-none-eabi/lib/thumb/v7-m\libg_nano.a(lib_a-impure.o)
 *(.data_end .data_end.*)
 .data_end      0x2000007c        0x4 ./system/src/newlib/startup.o
                0x20000080                . = ALIGN (0x4)
                0x20000080                _edata = .
                0x20000080                __data_end__ = .

.igot.plt       0x20000080        0x0 load address 0x080017fc
 .igot.plt      0x20000080        0x0 ./system/src/stm32f1-hal/stm32f1xx_hal.o

.bss_CCMRAM     0x00000000        0x0
 *(.bss.CCMRAM .bss.CCMRAM.*)

.bss            0x20000080       0xa4
                0x20000080                __bss_start__ = .
                0x20000080                _sbss = .
 *(.bss_begin .bss_begin.*)
 .bss_begin     0x20000080        0x4 ./system/src/newlib/startup.o
 *(.bss .bss.*)
 .bss.current_heap_end.3961
                0x20000084        0x4 ./system/src/newlib/sbrk.o
 .bss.name.4309
                0x20000088        0x1 ./system/src/newlib/syscalls.o
 *fill*         0x20000089        0x3 
 .bss.buf.5205  0x2000008c       0x80 ./system/src/diag/trace.o
 .bss.__malloc_free_list
                0x2000010c        0x4 g:/iti data/tools/imt_sdk_win_64/imt_sdk_win_64/winarm/armgcc/bin/../lib/gcc/arm-none-eabi/7.2.1/../../../../arm-none-eabi/lib/thumb/v7-m\libg_nano.a(lib_a-nano-mallocr.o)
                0x2000010c                __malloc_free_list
 .bss.__malloc_sbrk_start
                0x20000110        0x4 g:/iti data/tools/imt_sdk_win_64/imt_sdk_win_64/winarm/armgcc/bin/../lib/gcc/arm-none-eabi/7.2.1/../../../../arm-none-eabi/lib/thumb/v7-m\libg_nano.a(lib_a-nano-mallocr.o)
                0x20000110                __malloc_sbrk_start
 *(COMMON)
 COMMON         0x20000114        0x4 ./system/src/stm32f1-hal/stm32f1xx_hal.o
                0x20000114                uwTick
 COMMON         0x20000118        0x4 ./system/src/newlib/syscalls.o
                0x20000118                errno
 COMMON         0x2000011c        0x4 ./src/timer.o
                0x2000011c                timer_delayCount
 *(.bss_end .bss_end.*)
 .bss_end       0x20000120        0x4 ./system/src/newlib/startup.o
                0x20000124                . = ALIGN (0x4)
                0x20000124                __bss_end__ = .
                0x20000124                _ebss = .

.noinit_CCMRAM
 *(.noinit.CCMRAM .noinit.CCMRAM.*)

.noinit         0x20000124        0x0
                0x20000124                _noinit = .
 *(.noinit .noinit.*)
                0x20000124                . = ALIGN (0x4)
                0x20000124                _end_noinit = .
                [!provide]                PROVIDE (end, _end_noinit)
                [!provide]                PROVIDE (_end, _end_noinit)
                [!provide]                PROVIDE (__end, _end_noinit)
                [!provide]                PROVIDE (__end__, _end_noinit)

._check_stack   0x20000124      0x100
                0x20000224                . = (. + _Minimum_Stack_Size)
 *fill*         0x20000124      0x100 

.b1text
 *(.b1text)
 *(.b1rodata)
 *(.b1rodata.*)

.eb0text
 *(.eb0text)
 *(.eb0rodata)
 *(.eb0rodata.*)

.eb1text
 *(.eb1text)
 *(.eb1rodata)
 *(.eb1rodata.*)

.eb2text
 *(.eb2text)
 *(.eb2rodata)
 *(.eb2rodata.*)

.eb3text
 *(.eb3text)
 *(.eb3rodata)
 *(.eb3rodata.*)

.stab
 *(.stab)

.stabstr
 *(.stabstr)

.stab.excl
 *(.stab.excl)

.stab.exclstr
 *(.stab.exclstr)

.stab.index
 *(.stab.index)

.stab.indexstr
 *(.stab.indexstr)

.comment        0x00000000       0x7e
 *(.comment)
 .comment       0x00000000       0x7e ./system/src/stm32f1-hal/stm32f1xx_hal.o
                                 0x7f (size before relaxing)
 .comment       0x0000007e       0x7f ./system/src/stm32f1-hal/stm32f1xx_hal_cortex.o
 .comment       0x0000007e       0x7f ./system/src/stm32f1-hal/stm32f1xx_hal_gpio.o
 .comment       0x0000007e       0x7f ./system/src/stm32f1-hal/stm32f1xx_hal_rcc.o
 .comment       0x0000007e       0x7f ./system/src/newlib/exit.o
 .comment       0x0000007e       0x7f ./system/src/newlib/sbrk.o
 .comment       0x0000007e       0x7f ./system/src/newlib/startup.o
 .comment       0x0000007e       0x7f ./system/src/newlib/syscalls.o
 .comment       0x0000007e       0x7f ./system/src/diag/trace-impl.o
 .comment       0x0000007e       0x7f ./system/src/diag/trace.o
 .comment       0x0000007e       0x7f ./system/src/cortexm/exception-handlers.o
 .comment       0x0000007e       0x7f ./system/src/cortexm/initialize-hardware.o
 .comment       0x0000007e       0x7f ./system/src/cmsis/system_stm32f1xx.o
 .comment       0x0000007e       0x7f ./system/src/cmsis/vectors_stm32f103xb.o
 .comment       0x0000007e       0x7f ./src/initialize-hardware.o
 .comment       0x0000007e       0x7f ./src/led.o
 .comment       0x0000007e       0x7f ./src/main.o
 .comment       0x0000007e       0x7f ./src/stm32f1xx_hal_msp.o
 .comment       0x0000007e       0x7f ./src/timer.o

.ARM.attributes
                0x00000000       0x31
 .ARM.attributes
                0x00000000       0x33 ./system/src/stm32f1-hal/stm32f1xx_hal.o
 .ARM.attributes
                0x00000033       0x33 ./system/src/stm32f1-hal/stm32f1xx_hal_cortex.o
 .ARM.attributes
                0x00000066       0x33 ./system/src/stm32f1-hal/stm32f1xx_hal_gpio.o
 .ARM.attributes
                0x00000099       0x33 ./system/src/stm32f1-hal/stm32f1xx_hal_rcc.o
 .ARM.attributes
                0x000000cc       0x33 ./system/src/newlib/exit.o
 .ARM.attributes
                0x000000ff       0x33 ./system/src/newlib/sbrk.o
 .ARM.attributes
                0x00000132       0x33 ./system/src/newlib/startup.o
 .ARM.attributes
                0x00000165       0x33 ./system/src/newlib/syscalls.o
 .ARM.attributes
                0x00000198       0x33 ./system/src/diag/trace-impl.o
 .ARM.attributes
                0x000001cb       0x33 ./system/src/diag/trace.o
 .ARM.attributes
                0x000001fe       0x33 ./system/src/cortexm/exception-handlers.o
 .ARM.attributes
                0x00000231       0x33 ./system/src/cortexm/initialize-hardware.o
 .ARM.attributes
                0x00000264       0x33 ./system/src/cmsis/system_stm32f1xx.o
 .ARM.attributes
                0x00000297       0x33 ./system/src/cmsis/vectors_stm32f103xb.o
 .ARM.attributes
                0x000002ca       0x33 ./src/initialize-hardware.o
 .ARM.attributes
                0x000002fd       0x33 ./src/led.o
 .ARM.attributes
                0x00000330       0x33 ./src/main.o
 .ARM.attributes
                0x00000363       0x33 ./src/stm32f1xx_hal_msp.o
 .ARM.attributes
                0x00000396       0x33 ./src/timer.o
 .ARM.attributes
                0x000003c9       0x2d g:/iti data/tools/imt_sdk_win_64/imt_sdk_win_64/winarm/armgcc/bin/../lib/gcc/arm-none-eabi/7.2.1/../../../../arm-none-eabi/lib/thumb/v7-m\libg_nano.a(lib_a-errno.o)
 .ARM.attributes
                0x000003f6       0x2d g:/iti data/tools/imt_sdk_win_64/imt_sdk_win_64/winarm/armgcc/bin/../lib/gcc/arm-none-eabi/7.2.1/../../../../arm-none-eabi/lib/thumb/v7-m\libg_nano.a(lib_a-impure.o)
 .ARM.attributes
                0x00000423       0x17 g:/iti data/tools/imt_sdk_win_64/imt_sdk_win_64/winarm/armgcc/bin/../lib/gcc/arm-none-eabi/7.2.1/../../../../arm-none-eabi/lib/thumb/v7-m\libg_nano.a(lib_a-strlen.o)
 .ARM.attributes
                0x0000043a       0x2d g:/iti data/tools/imt_sdk_win_64/imt_sdk_win_64/winarm/armgcc/bin/../lib/gcc/arm-none-eabi/7.2.1/../../../../arm-none-eabi/lib/thumb/v7-m\libg_nano.a(lib_a-vsnprintf.o)
 .ARM.attributes
                0x00000467       0x2d g:/iti data/tools/imt_sdk_win_64/imt_sdk_win_64/winarm/armgcc/bin/../lib/gcc/arm-none-eabi/7.2.1/../../../../arm-none-eabi/lib/thumb/v7-m\libg_nano.a(lib_a-nano-svfprintf.o)
 .ARM.attributes
                0x00000494       0x2d g:/iti data/tools/imt_sdk_win_64/imt_sdk_win_64/winarm/armgcc/bin/../lib/gcc/arm-none-eabi/7.2.1/../../../../arm-none-eabi/lib/thumb/v7-m\libg_nano.a(lib_a-nano-vfprintf_i.o)
 .ARM.attributes
                0x000004c1       0x2d g:/iti data/tools/imt_sdk_win_64/imt_sdk_win_64/winarm/armgcc/bin/../lib/gcc/arm-none-eabi/7.2.1/../../../../arm-none-eabi/lib/thumb/v7-m\libg_nano.a(lib_a-memchr-stub.o)
 .ARM.attributes
                0x000004ee       0x2d g:/iti data/tools/imt_sdk_win_64/imt_sdk_win_64/winarm/armgcc/bin/../lib/gcc/arm-none-eabi/7.2.1/../../../../arm-none-eabi/lib/thumb/v7-m\libg_nano.a(lib_a-memcpy-stub.o)
 .ARM.attributes
                0x0000051b       0x2d g:/iti data/tools/imt_sdk_win_64/imt_sdk_win_64/winarm/armgcc/bin/../lib/gcc/arm-none-eabi/7.2.1/../../../../arm-none-eabi/lib/thumb/v7-m\libg_nano.a(lib_a-memmove.o)
 .ARM.attributes
                0x00000548       0x2d g:/iti data/tools/imt_sdk_win_64/imt_sdk_win_64/winarm/armgcc/bin/../lib/gcc/arm-none-eabi/7.2.1/../../../../arm-none-eabi/lib/thumb/v7-m\libg_nano.a(lib_a-nano-freer.o)
 .ARM.attributes
                0x00000575       0x2d g:/iti data/tools/imt_sdk_win_64/imt_sdk_win_64/winarm/armgcc/bin/../lib/gcc/arm-none-eabi/7.2.1/../../../../arm-none-eabi/lib/thumb/v7-m\libg_nano.a(lib_a-nano-mallocr.o)
 .ARM.attributes
                0x000005a2       0x2d g:/iti data/tools/imt_sdk_win_64/imt_sdk_win_64/winarm/armgcc/bin/../lib/gcc/arm-none-eabi/7.2.1/../../../../arm-none-eabi/lib/thumb/v7-m\libg_nano.a(lib_a-nano-reallocr.o)
 .ARM.attributes
                0x000005cf       0x2d g:/iti data/tools/imt_sdk_win_64/imt_sdk_win_64/winarm/armgcc/bin/../lib/gcc/arm-none-eabi/7.2.1/../../../../arm-none-eabi/lib/thumb/v7-m\libg_nano.a(lib_a-sbrkr.o)
 .ARM.attributes
                0x000005fc       0x2d g:/iti data/tools/imt_sdk_win_64/imt_sdk_win_64/winarm/armgcc/bin/../lib/gcc/arm-none-eabi/7.2.1/../../../../arm-none-eabi/lib/thumb/v7-m\libg_nano.a(lib_a-mlock.o)
 .ARM.attributes
                0x00000629       0x2d g:/iti data/tools/imt_sdk_win_64/imt_sdk_win_64/winarm/armgcc/bin/../lib/gcc/arm-none-eabi/7.2.1/../../../../arm-none-eabi/lib/thumb/v7-m\libg_nano.a(lib_a-nano-msizer.o)

.debug
 *(.debug)

.line
 *(.line)

.debug_srcinfo
 *(.debug_srcinfo)

.debug_sfnames
 *(.debug_sfnames)

.debug_aranges  0x00000000      0x568
 *(.debug_aranges)
 .debug_aranges
                0x00000000       0xe0 ./system/src/stm32f1-hal/stm32f1xx_hal.o
 .debug_aranges
                0x000000e0       0x90 ./system/src/stm32f1-hal/stm32f1xx_hal_cortex.o
 .debug_aranges
                0x00000170       0x58 ./system/src/stm32f1-hal/stm32f1xx_hal_gpio.o
 .debug_aranges
                0x000001c8       0x90 ./system/src/stm32f1-hal/stm32f1xx_hal_rcc.o
 .debug_aranges
                0x00000258       0x28 ./system/src/newlib/exit.o
 .debug_aranges
                0x00000280       0x20 ./system/src/newlib/sbrk.o
 .debug_aranges
                0x000002a0       0x40 ./system/src/newlib/startup.o
 .debug_aranges
                0x000002e0       0x30 ./system/src/newlib/syscalls.o
 .debug_aranges
                0x00000310       0x30 ./system/src/diag/trace-impl.o
 .debug_aranges
                0x00000340       0x38 ./system/src/diag/trace.o
 .debug_aranges
                0x00000378       0x90 ./system/src/cortexm/exception-handlers.o
 .debug_aranges
                0x00000408       0x28 ./system/src/cortexm/initialize-hardware.o
 .debug_aranges
                0x00000430       0x28 ./system/src/cmsis/system_stm32f1xx.o
 .debug_aranges
                0x00000458       0x20 ./system/src/cmsis/vectors_stm32f103xb.o
 .debug_aranges
                0x00000478       0x30 ./src/initialize-hardware.o
 .debug_aranges
                0x000004a8       0x30 ./src/led.o
 .debug_aranges
                0x000004d8       0x20 ./src/main.o
 .debug_aranges
                0x000004f8       0x38 ./src/stm32f1xx_hal_msp.o
 .debug_aranges
                0x00000530       0x38 ./src/timer.o

.debug_pubnames
 *(.debug_pubnames)

.debug_info     0x00000000     0x8cc7
 *(.debug_info .gnu.linkonce.wi.*)
 .debug_info    0x00000000      0x7c5 ./system/src/stm32f1-hal/stm32f1xx_hal.o
 .debug_info    0x000007c5      0xde9 ./system/src/stm32f1-hal/stm32f1xx_hal_cortex.o
 .debug_info    0x000015ae      0x880 ./system/src/stm32f1-hal/stm32f1xx_hal_gpio.o
 .debug_info    0x00001e2e      0xc5d ./system/src/stm32f1-hal/stm32f1xx_hal_rcc.o
 .debug_info    0x00002a8b      0x956 ./system/src/newlib/exit.o
 .debug_info    0x000033e1      0x942 ./system/src/newlib/sbrk.o
 .debug_info    0x00003d23      0x42e ./system/src/newlib/startup.o
 .debug_info    0x00004151      0xa19 ./system/src/newlib/syscalls.o
 .debug_info    0x00004b6a      0x40a ./system/src/diag/trace-impl.o
 .debug_info    0x00004f74      0xb2a ./system/src/diag/trace.o
 .debug_info    0x00005a9e     0x11d7 ./system/src/cortexm/exception-handlers.o
 .debug_info    0x00006c75      0x353 ./system/src/cortexm/initialize-hardware.o
 .debug_info    0x00006fc8      0x27c ./system/src/cmsis/system_stm32f1xx.o
 .debug_info    0x00007244       0xc9 ./system/src/cmsis/vectors_stm32f103xb.o
 .debug_info    0x0000730d      0x2ae ./src/initialize-hardware.o
 .debug_info    0x000075bb      0x380 ./src/led.o
 .debug_info    0x0000793b      0xb21 ./src/main.o
 .debug_info    0x0000845c      0x194 ./src/stm32f1xx_hal_msp.o
 .debug_info    0x000085f0      0x6d7 ./src/timer.o

.debug_abbrev   0x00000000     0x22c3
 *(.debug_abbrev)
 .debug_abbrev  0x00000000      0x1ed ./system/src/stm32f1-hal/stm32f1xx_hal.o
 .debug_abbrev  0x000001ed      0x31e ./system/src/stm32f1-hal/stm32f1xx_hal_cortex.o
 .debug_abbrev  0x0000050b      0x215 ./system/src/stm32f1-hal/stm32f1xx_hal_gpio.o
 .debug_abbrev  0x00000720      0x248 ./system/src/stm32f1-hal/stm32f1xx_hal_rcc.o
 .debug_abbrev  0x00000968      0x1f3 ./system/src/newlib/exit.o
 .debug_abbrev  0x00000b5b      0x1fc ./system/src/newlib/sbrk.o
 .debug_abbrev  0x00000d57      0x1b3 ./system/src/newlib/startup.o
 .debug_abbrev  0x00000f0a      0x234 ./system/src/newlib/syscalls.o
 .debug_abbrev  0x0000113e      0x1f3 ./system/src/diag/trace-impl.o
 .debug_abbrev  0x00001331      0x276 ./system/src/diag/trace.o
 .debug_abbrev  0x000015a7      0x33c ./system/src/cortexm/exception-handlers.o
 .debug_abbrev  0x000018e3      0x104 ./system/src/cortexm/initialize-hardware.o
 .debug_abbrev  0x000019e7      0x134 ./system/src/cmsis/system_stm32f1xx.o
 .debug_abbrev  0x00001b1b       0x9d ./system/src/cmsis/vectors_stm32f103xb.o
 .debug_abbrev  0x00001bb8      0x10c ./src/initialize-hardware.o
 .debug_abbrev  0x00001cc4      0x162 ./src/led.o
 .debug_abbrev  0x00001e26      0x222 ./src/main.o
 .debug_abbrev  0x00002048       0xae ./src/stm32f1xx_hal_msp.o
 .debug_abbrev  0x000020f6      0x1cd ./src/timer.o

.debug_line     0x00000000     0x79cb
 *(.debug_line)
 .debug_line    0x00000000      0x7db ./system/src/stm32f1-hal/stm32f1xx_hal.o
 .debug_line    0x000007db      0x839 ./system/src/stm32f1-hal/stm32f1xx_hal_cortex.o
 .debug_line    0x00001014      0x898 ./system/src/stm32f1-hal/stm32f1xx_hal_gpio.o
 .debug_line    0x000018ac      0xa49 ./system/src/stm32f1-hal/stm32f1xx_hal_rcc.o
 .debug_line    0x000022f5      0x36e ./system/src/newlib/exit.o
 .debug_line    0x00002663      0x322 ./system/src/newlib/sbrk.o
 .debug_line    0x00002985      0x3dc ./system/src/newlib/startup.o
 .debug_line    0x00002d61      0x440 ./system/src/newlib/syscalls.o
 .debug_line    0x000031a1      0x8f7 ./system/src/diag/trace-impl.o
 .debug_line    0x00003a98      0x3eb ./system/src/diag/trace.o
 .debug_line    0x00003e83      0x9ba ./system/src/cortexm/exception-handlers.o
 .debug_line    0x0000483d      0x626 ./system/src/cortexm/initialize-hardware.o
 .debug_line    0x00004e63      0x631 ./system/src/cmsis/system_stm32f1xx.o
 .debug_line    0x00005494      0x10b ./system/src/cmsis/vectors_stm32f103xb.o
 .debug_line    0x0000559f      0x88a ./src/initialize-hardware.o
 .debug_line    0x00005e29      0x612 ./src/led.o
 .debug_line    0x0000643b      0x8ef ./src/main.o
 .debug_line    0x00006d2a      0x61f ./src/stm32f1xx_hal_msp.o
 .debug_line    0x00007349      0x682 ./src/timer.o

.debug_frame    0x00000000      0xe60
 *(.debug_frame)
 .debug_frame   0x00000000      0x1d0 ./system/src/stm32f1-hal/stm32f1xx_hal.o
 .debug_frame   0x000001d0      0x164 ./system/src/stm32f1-hal/stm32f1xx_hal_cortex.o
 .debug_frame   0x00000334       0xfc ./system/src/stm32f1-hal/stm32f1xx_hal_gpio.o
 .debug_frame   0x00000430      0x1b0 ./system/src/stm32f1-hal/stm32f1xx_hal_rcc.o
 .debug_frame   0x000005e0       0x38 ./system/src/newlib/exit.o
 .debug_frame   0x00000618       0x28 ./system/src/newlib/sbrk.o
 .debug_frame   0x00000640       0x7c ./system/src/newlib/startup.o
 .debug_frame   0x000006bc       0x50 ./system/src/newlib/syscalls.o
 .debug_frame   0x0000070c       0x64 ./system/src/diag/trace-impl.o
 .debug_frame   0x00000770       0x94 ./system/src/diag/trace.o
 .debug_frame   0x00000804      0x158 ./system/src/cortexm/exception-handlers.o
 .debug_frame   0x0000095c       0x40 ./system/src/cortexm/initialize-hardware.o
 .debug_frame   0x0000099c       0x30 ./system/src/cmsis/system_stm32f1xx.o
 .debug_frame   0x000009cc       0x20 ./system/src/cmsis/vectors_stm32f103xb.o
 .debug_frame   0x000009ec       0x58 ./src/initialize-hardware.o
 .debug_frame   0x00000a44       0x5c ./src/led.o
 .debug_frame   0x00000aa0       0x28 ./src/main.o
 .debug_frame   0x00000ac8       0x50 ./src/stm32f1xx_hal_msp.o
 .debug_frame   0x00000b18       0x58 ./src/timer.o
 .debug_frame   0x00000b70       0x20 g:/iti data/tools/imt_sdk_win_64/imt_sdk_win_64/winarm/armgcc/bin/../lib/gcc/arm-none-eabi/7.2.1/../../../../arm-none-eabi/lib/thumb/v7-m\libg_nano.a(lib_a-errno.o)
 .debug_frame   0x00000b90       0x4c g:/iti data/tools/imt_sdk_win_64/imt_sdk_win_64/winarm/armgcc/bin/../lib/gcc/arm-none-eabi/7.2.1/../../../../arm-none-eabi/lib/thumb/v7-m\libg_nano.a(lib_a-vsnprintf.o)
 .debug_frame   0x00000bdc       0x90 g:/iti data/tools/imt_sdk_win_64/imt_sdk_win_64/winarm/armgcc/bin/../lib/gcc/arm-none-eabi/7.2.1/../../../../arm-none-eabi/lib/thumb/v7-m\libg_nano.a(lib_a-nano-svfprintf.o)
 .debug_frame   0x00000c6c       0x60 g:/iti data/tools/imt_sdk_win_64/imt_sdk_win_64/winarm/armgcc/bin/../lib/gcc/arm-none-eabi/7.2.1/../../../../arm-none-eabi/lib/thumb/v7-m\libg_nano.a(lib_a-nano-vfprintf_i.o)
 .debug_frame   0x00000ccc       0x28 g:/iti data/tools/imt_sdk_win_64/imt_sdk_win_64/winarm/armgcc/bin/../lib/gcc/arm-none-eabi/7.2.1/../../../../arm-none-eabi/lib/thumb/v7-m\libg_nano.a(lib_a-memchr-stub.o)
 .debug_frame   0x00000cf4       0x28 g:/iti data/tools/imt_sdk_win_64/imt_sdk_win_64/winarm/armgcc/bin/../lib/gcc/arm-none-eabi/7.2.1/../../../../arm-none-eabi/lib/thumb/v7-m\libg_nano.a(lib_a-memcpy-stub.o)
 .debug_frame   0x00000d1c       0x28 g:/iti data/tools/imt_sdk_win_64/imt_sdk_win_64/winarm/armgcc/bin/../lib/gcc/arm-none-eabi/7.2.1/../../../../arm-none-eabi/lib/thumb/v7-m\libg_nano.a(lib_a-memmove.o)
 .debug_frame   0x00000d44       0x38 g:/iti data/tools/imt_sdk_win_64/imt_sdk_win_64/winarm/armgcc/bin/../lib/gcc/arm-none-eabi/7.2.1/../../../../arm-none-eabi/lib/thumb/v7-m\libg_nano.a(lib_a-nano-freer.o)
 .debug_frame   0x00000d7c       0x2c g:/iti data/tools/imt_sdk_win_64/imt_sdk_win_64/winarm/armgcc/bin/../lib/gcc/arm-none-eabi/7.2.1/../../../../arm-none-eabi/lib/thumb/v7-m\libg_nano.a(lib_a-nano-mallocr.o)
 .debug_frame   0x00000da8       0x3c g:/iti data/tools/imt_sdk_win_64/imt_sdk_win_64/winarm/armgcc/bin/../lib/gcc/arm-none-eabi/7.2.1/../../../../arm-none-eabi/lib/thumb/v7-m\libg_nano.a(lib_a-nano-reallocr.o)
 .debug_frame   0x00000de4       0x2c g:/iti data/tools/imt_sdk_win_64/imt_sdk_win_64/winarm/armgcc/bin/../lib/gcc/arm-none-eabi/7.2.1/../../../../arm-none-eabi/lib/thumb/v7-m\libg_nano.a(lib_a-sbrkr.o)
 .debug_frame   0x00000e10       0x30 g:/iti data/tools/imt_sdk_win_64/imt_sdk_win_64/winarm/armgcc/bin/../lib/gcc/arm-none-eabi/7.2.1/../../../../arm-none-eabi/lib/thumb/v7-m\libg_nano.a(lib_a-mlock.o)
 .debug_frame   0x00000e40       0x20 g:/iti data/tools/imt_sdk_win_64/imt_sdk_win_64/winarm/armgcc/bin/../lib/gcc/arm-none-eabi/7.2.1/../../../../arm-none-eabi/lib/thumb/v7-m\libg_nano.a(lib_a-nano-msizer.o)

.debug_str      0x00000000    0x9d8d0
 *(.debug_str)
 .debug_str     0x00000000    0x95b31 ./system/src/stm32f1-hal/stm32f1xx_hal.o
                              0x95fca (size before relaxing)
 .debug_str     0x00095b31      0x2bb ./system/src/stm32f1-hal/stm32f1xx_hal_cortex.o
                              0x95f8d (size before relaxing)
 .debug_str     0x00095dec      0x39d ./system/src/stm32f1-hal/stm32f1xx_hal_gpio.o
                              0x95cad (size before relaxing)
 .debug_str     0x00096189      0x355 ./system/src/stm32f1-hal/stm32f1xx_hal_rcc.o
                              0x95d0d (size before relaxing)
 .debug_str     0x000964de     0x4d38 ./system/src/newlib/exit.o
                               0x7ebd (size before relaxing)
 .debug_str     0x0009b216      0x4f4 ./system/src/newlib/sbrk.o
                               0x726f (size before relaxing)
 .debug_str     0x0009b70a      0x25f ./system/src/newlib/startup.o
                               0x69aa (size before relaxing)
 .debug_str     0x0009b969      0xe8a ./system/src/newlib/syscalls.o
                               0x814a (size before relaxing)
 .debug_str     0x0009c7f3      0x387 ./system/src/diag/trace-impl.o
                              0x99827 (size before relaxing)
 .debug_str     0x0009cb7a      0x81a ./system/src/diag/trace.o
                               0x8636 (size before relaxing)
 .debug_str     0x0009d394      0x19d ./system/src/cortexm/exception-handlers.o
                              0x9aa44 (size before relaxing)
 .debug_str     0x0009d531       0x5d ./system/src/cortexm/initialize-hardware.o
                              0x9595f (size before relaxing)
 .debug_str     0x0009d58e       0x39 ./system/src/cmsis/system_stm32f1xx.o
                              0x958f8 (size before relaxing)
 .debug_str     0x0009d5c7       0x59 ./system/src/cmsis/vectors_stm32f103xb.o
                               0x384e (size before relaxing)
 .debug_str     0x0009d620       0x30 ./src/initialize-hardware.o
                              0x99558 (size before relaxing)
 .debug_str     0x0009d650      0x136 ./src/led.o
                              0x95a42 (size before relaxing)
 .debug_str     0x0009d786       0xf3 ./src/main.o
                              0x9aefc (size before relaxing)
 .debug_str     0x0009d879       0x3d ./src/stm32f1xx_hal_msp.o
                              0x958b0 (size before relaxing)
 .debug_str     0x0009d8b6       0x1a ./src/timer.o
                              0x95d33 (size before relaxing)

.debug_loc      0x00000000     0x1bad
 *(.debug_loc)
 .debug_loc     0x00000000      0x10c ./system/src/stm32f1-hal/stm32f1xx_hal.o
 .debug_loc     0x0000010c      0x71d ./system/src/stm32f1-hal/stm32f1xx_hal_cortex.o
 .debug_loc     0x00000829      0x4da ./system/src/stm32f1-hal/stm32f1xx_hal_gpio.o
 .debug_loc     0x00000d03      0x580 ./system/src/stm32f1-hal/stm32f1xx_hal_rcc.o
 .debug_loc     0x00001283       0x85 ./system/src/newlib/sbrk.o
 .debug_loc     0x00001308      0x1a9 ./system/src/newlib/startup.o
 .debug_loc     0x000014b1       0x63 ./system/src/newlib/syscalls.o
 .debug_loc     0x00001514      0x121 ./system/src/diag/trace-impl.o
 .debug_loc     0x00001635       0xf6 ./system/src/diag/trace.o
 .debug_loc     0x0000172b      0x291 ./system/src/cortexm/exception-handlers.o
 .debug_loc     0x000019bc       0xdf ./system/src/cmsis/system_stm32f1xx.o
 .debug_loc     0x00001a9b       0x58 ./src/initialize-hardware.o
 .debug_loc     0x00001af3       0x61 ./src/main.o
 .debug_loc     0x00001b54       0x59 ./src/timer.o

.debug_macinfo
 *(.debug_macinfo)

.debug_weaknames
 *(.debug_weaknames)

.debug_funcnames
 *(.debug_funcnames)

.debug_typenames
 *(.debug_typenames)

.debug_varnames
 *(.debug_varnames)
OUTPUT(FRIST_PRO.elf elf32-littlearm)

.debug_ranges   0x00000000      0x560
 .debug_ranges  0x00000000       0xd0 ./system/src/stm32f1-hal/stm32f1xx_hal.o
 .debug_ranges  0x000000d0      0x110 ./system/src/stm32f1-hal/stm32f1xx_hal_cortex.o
 .debug_ranges  0x000001e0       0x48 ./system/src/stm32f1-hal/stm32f1xx_hal_gpio.o
 .debug_ranges  0x00000228       0xa0 ./system/src/stm32f1-hal/stm32f1xx_hal_rcc.o
 .debug_ranges  0x000002c8       0x18 ./system/src/newlib/exit.o
 .debug_ranges  0x000002e0       0x10 ./system/src/newlib/sbrk.o
 .debug_ranges  0x000002f0       0x78 ./system/src/newlib/startup.o
 .debug_ranges  0x00000368       0x20 ./system/src/newlib/syscalls.o
 .debug_ranges  0x00000388       0x50 ./system/src/diag/trace-impl.o
 .debug_ranges  0x000003d8       0x28 ./system/src/diag/trace.o
 .debug_ranges  0x00000400       0x80 ./system/src/cortexm/exception-handlers.o
 .debug_ranges  0x00000480       0x18 ./system/src/cortexm/initialize-hardware.o
 .debug_ranges  0x00000498       0x18 ./system/src/cmsis/system_stm32f1xx.o
 .debug_ranges  0x000004b0       0x10 ./system/src/cmsis/vectors_stm32f103xb.o
 .debug_ranges  0x000004c0       0x20 ./src/initialize-hardware.o
 .debug_ranges  0x000004e0       0x20 ./src/led.o
 .debug_ranges  0x00000500       0x10 ./src/main.o
 .debug_ranges  0x00000510       0x28 ./src/stm32f1xx_hal_msp.o
 .debug_ranges  0x00000538       0x28 ./src/timer.o

.debug_macro    0x00000000    0x1b360
 .debug_macro   0x00000000      0x2a7 ./system/src/stm32f1-hal/stm32f1xx_hal.o
 .debug_macro   0x000002a7      0xa6c ./system/src/stm32f1-hal/stm32f1xx_hal.o
 .debug_macro   0x00000d13      0x2c8 ./system/src/stm32f1-hal/stm32f1xx_hal.o
 .debug_macro   0x00000fdb       0x2e ./system/src/stm32f1-hal/stm32f1xx_hal.o
 .debug_macro   0x00001009       0x22 ./system/src/stm32f1-hal/stm32f1xx_hal.o
 .debug_macro   0x0000102b      0x34e ./system/src/stm32f1-hal/stm32f1xx_hal.o
 .debug_macro   0x00001379       0x1c ./system/src/stm32f1-hal/stm32f1xx_hal.o
 .debug_macro   0x00001395       0x22 ./system/src/stm32f1-hal/stm32f1xx_hal.o
 .debug_macro   0x000013b7       0xc3 ./system/src/stm32f1-hal/stm32f1xx_hal.o
 .debug_macro   0x0000147a      0xd23 ./system/src/stm32f1-hal/stm32f1xx_hal.o
 .debug_macro   0x0000219d     0xe097 ./system/src/stm32f1-hal/stm32f1xx_hal.o
 .debug_macro   0x00010234       0x43 ./system/src/stm32f1-hal/stm32f1xx_hal.o
 .debug_macro   0x00010277     0x3468 ./system/src/stm32f1-hal/stm32f1xx_hal.o
 .debug_macro   0x000136df      0x174 ./system/src/stm32f1-hal/stm32f1xx_hal.o
 .debug_macro   0x00013853       0x5c ./system/src/stm32f1-hal/stm32f1xx_hal.o
 .debug_macro   0x000138af      0x5be ./system/src/stm32f1-hal/stm32f1xx_hal.o
 .debug_macro   0x00013e6d      0x289 ./system/src/stm32f1-hal/stm32f1xx_hal.o
 .debug_macro   0x000140f6      0x1cb ./system/src/stm32f1-hal/stm32f1xx_hal.o
 .debug_macro   0x000142c1      0x114 ./system/src/stm32f1-hal/stm32f1xx_hal.o
 .debug_macro   0x000143d5      0x1b2 ./system/src/stm32f1-hal/stm32f1xx_hal.o
 .debug_macro   0x00014587       0x27 ./system/src/stm32f1-hal/stm32f1xx_hal.o
 .debug_macro   0x000145ae      0x136 ./system/src/stm32f1-hal/stm32f1xx_hal.o
 .debug_macro   0x000146e4      0x1bc ./system/src/stm32f1-hal/stm32f1xx_hal.o
 .debug_macro   0x000148a0       0x34 ./system/src/stm32f1-hal/stm32f1xx_hal.o
 .debug_macro   0x000148d4       0x3c ./system/src/stm32f1-hal/stm32f1xx_hal.o
 .debug_macro   0x00014910      0x408 ./system/src/stm32f1-hal/stm32f1xx_hal.o
 .debug_macro   0x00014d18       0x57 ./system/src/stm32f1-hal/stm32f1xx_hal.o
 .debug_macro   0x00014d6f      0x46a ./system/src/stm32f1-hal/stm32f1xx_hal.o
 .debug_macro   0x000151d9      0x1b5 ./system/src/stm32f1-hal/stm32f1xx_hal.o
 .debug_macro   0x0001538e       0x22 ./system/src/stm32f1-hal/stm32f1xx_hal.o
 .debug_macro   0x000153b0       0x88 ./system/src/stm32f1-hal/stm32f1xx_hal.o
 .debug_macro   0x00015438      0x241 ./system/src/stm32f1-hal/stm32f1xx_hal.o
 .debug_macro   0x00015679      0x287 ./system/src/stm32f1-hal/stm32f1xx_hal.o
 .debug_macro   0x00015900       0x78 ./system/src/stm32f1-hal/stm32f1xx_hal.o
 .debug_macro   0x00015978      0x141 ./system/src/stm32f1-hal/stm32f1xx_hal.o
 .debug_macro   0x00015ab9      0x1ef ./system/src/stm32f1-hal/stm32f1xx_hal.o
 .debug_macro   0x00015ca8       0xec ./system/src/stm32f1-hal/stm32f1xx_hal.o
 .debug_macro   0x00015d94      0x217 ./system/src/stm32f1-hal/stm32f1xx_hal.o
 .debug_macro   0x00015fab      0x8d1 ./system/src/stm32f1-hal/stm32f1xx_hal.o
 .debug_macro   0x0001687c      0x26b ./system/src/stm32f1-hal/stm32f1xx_hal.o
 .debug_macro   0x00016ae7      0x217 ./system/src/stm32f1-hal/stm32f1xx_hal.o
 .debug_macro   0x00016cfe      0x1a7 ./system/src/stm32f1-hal/stm32f1xx_hal.o
 .debug_macro   0x00016ea5      0x2cd ./system/src/stm32f1-hal/stm32f1xx_hal.o
 .debug_macro   0x00017172       0x8d ./system/src/stm32f1-hal/stm32f1xx_hal.o
 .debug_macro   0x000171ff       0x65 ./system/src/stm32f1-hal/stm32f1xx_hal.o
 .debug_macro   0x00017264      0x249 ./system/src/stm32f1-hal/stm32f1xx_hal.o
 .debug_macro   0x000174ad       0x83 ./system/src/stm32f1-hal/stm32f1xx_hal.o
 .debug_macro   0x00017530      0x283 ./system/src/stm32f1-hal/stm32f1xx_hal_cortex.o
 .debug_macro   0x000177b3      0x2ee ./system/src/stm32f1-hal/stm32f1xx_hal_gpio.o
 .debug_macro   0x00017aa1      0x295 ./system/src/stm32f1-hal/stm32f1xx_hal_rcc.o
 .debug_macro   0x00017d36      0x1b4 ./system/src/newlib/exit.o
 .debug_macro   0x00017eea      0x169 ./system/src/newlib/sbrk.o
 .debug_macro   0x00018053       0x10 ./system/src/newlib/sbrk.o
 .debug_macro   0x00018063      0x23b ./system/src/newlib/sbrk.o
 .debug_macro   0x0001829e      0x173 ./system/src/newlib/startup.o
 .debug_macro   0x00018411      0x217 ./system/src/newlib/syscalls.o
 .debug_macro   0x00018628       0x1c ./system/src/newlib/syscalls.o
 .debug_macro   0x00018644       0x10 ./system/src/newlib/syscalls.o
 .debug_macro   0x00018654       0x10 ./system/src/newlib/syscalls.o
 .debug_macro   0x00018664       0x10 ./system/src/newlib/syscalls.o
 .debug_macro   0x00018674       0x35 ./system/src/newlib/syscalls.o
 .debug_macro   0x000186a9      0x122 ./system/src/newlib/syscalls.o
 .debug_macro   0x000187cb       0x88 ./system/src/newlib/syscalls.o
 .debug_macro   0x00018853       0x2b ./system/src/newlib/syscalls.o
 .debug_macro   0x0001887e      0x118 ./system/src/newlib/syscalls.o
 .debug_macro   0x00018996      0x189 ./system/src/newlib/syscalls.o
 .debug_macro   0x00018b1f       0x16 ./system/src/newlib/syscalls.o
 .debug_macro   0x00018b35      0x3f7 ./system/src/diag/trace-impl.o
 .debug_macro   0x00018f2c       0x10 ./system/src/diag/trace-impl.o
 .debug_macro   0x00018f3c      0x32a ./system/src/diag/trace-impl.o
 .debug_macro   0x00019266       0x22 ./system/src/diag/trace-impl.o
 .debug_macro   0x00019288      0x1fb ./system/src/diag/trace.o
 .debug_macro   0x00019483       0x16 ./system/src/diag/trace.o
 .debug_macro   0x00019499       0x97 ./system/src/diag/trace.o
 .debug_macro   0x00019530       0xfd ./system/src/diag/trace.o
 .debug_macro   0x0001962d       0x10 ./system/src/diag/trace.o
 .debug_macro   0x0001963d       0x16 ./system/src/diag/trace.o
 .debug_macro   0x00019653      0x16f ./system/src/diag/trace.o
 .debug_macro   0x000197c2       0x4c ./system/src/diag/trace.o
 .debug_macro   0x0001980e       0x16 ./system/src/diag/trace.o
 .debug_macro   0x00019824      0x447 ./system/src/cortexm/exception-handlers.o
 .debug_macro   0x00019c6b       0x10 ./system/src/cortexm/exception-handlers.o
 .debug_macro   0x00019c7b      0x28d ./system/src/cortexm/initialize-hardware.o
 .debug_macro   0x00019f08      0x283 ./system/src/cmsis/system_stm32f1xx.o
 .debug_macro   0x0001a18b       0x34 ./system/src/cmsis/vectors_stm32f103xb.o
 .debug_macro   0x0001a1bf      0x3dc ./src/initialize-hardware.o
 .debug_macro   0x0001a59b      0x292 ./src/led.o
 .debug_macro   0x0001a82d       0x28 ./src/led.o
 .debug_macro   0x0001a855      0x491 ./src/main.o
 .debug_macro   0x0001ace6       0xbd ./src/main.o
 .debug_macro   0x0001ada3       0x56 ./src/main.o
 .debug_macro   0x0001adf9       0x2e ./src/main.o
 .debug_macro   0x0001ae27      0x283 ./src/stm32f1xx_hal_msp.o
 .debug_macro   0x0001b0aa      0x2a6 ./src/timer.o
 .debug_macro   0x0001b350       0x10 ./src/timer.o
